TITLE FOR VFP MAPPING RUN:                                    #LINE:
CRM TEST CASE                                     	      #2
                    IOPT(1-30)    L    M    N      ALPD       #3
001001010000100001001000010000   22   38  162       0.0       #4
        Y1        Y2        X3        X4        Z3        Y3  #5
  2.152345     2.700     1.900     2.100  0.250000  0.215235  #6
       XF1       XF2       YF1       YF2       XF3       YCL  #7
     -4.46    -3.811  0.215235  1.506642   -3.2000  0.215235  #8
    B16(1)    B16(2)    B16(3)    B16(4)    B16(5)    B16(6)  #9
    0.9000      0.10      20.0       0.2       5.0  2.152345  #10
     YBAR1    YSLOP1 MBAR JPRINT   YBAR2    YSLOP2      YGIR  #11
  0.790380      1.80   15    3  0.665243  1.800000  0.221417  #12
 NITS NLPP      STOL        R1        R2                      #13
  100    5 0.0000001      0.11      0.69                      #14  
 IDEL NDEL                                                    #15
 1000    1                                                    #16



LINE: FORMAT:
2     A80
3   
4     6F10.0
5  
6     6F10.0
7      
8     6F10.0
9  
10    6F10.0
11      
12    2F10.0,2I5,3F10.0 
13        
14    2I5,3F10.0 
15 
16    2I5      